// Jest Snapshot v1, https://goo.gl/fbAQLP

exports[`Form unit test renders form 1`] = `
<label
  for="city"
>
  City:
</label>
`;

exports[`Form unit test renders form 2`] = `
<input
  id="city"
  name="city"
  type="text"
  value=""
/>
`;

exports[`Form unit test renders form 3`] = `
<button
  type="submit"
>
  Submit
</button>
`;

exports[`Form unit test submit form with error 1`] = `
<div>
  Please enter a city
</div>
`;
